package br.gov.esaf.sgc.view.correcao;

import java.util.HashMap;
import java.util.List;
import java.util.Map;
import javax.faces.component.UIComponent;
import javax.faces.component.UIInput;
import javax.faces.context.FacesContext;
import javax.faces.validator.ValidatorException;
import org.jboss.seam.ScopeType;
import org.jboss.seam.annotations.In;
import org.jboss.seam.annotations.Name;
import org.jboss.seam.annotations.Scope;
import br.gov.esaf.sgc.facade.DigitacaoNotaManualFacade;
import br.gov.esaf.sgc.model.CampoAtuacao;
import br.gov.esaf.sgc.model.Cargo;
import br.gov.esaf.sgc.model.Cidade;
import br.gov.esaf.sgc.model.Concurso;
import br.gov.esaf.sgc.model.Inscricao;
import br.gov.esaf.sgc.model.OrgaoContratante;
import br.gov.esaf.sgc.model.TipoConsultaNome;
import br.gov.esaf.sgc.model.Uf;
import br.gov.esaf.sgc.model.prova.Prova;
import br.gov.esaf.sgc.model.prova.ConteudoProva.TipoConteudoProva;
import br.gov.esaf.sgc.model.resultado.ResultadoProvaManual.VersaoResultadoProvaManual;
import br.gov.serpro.util.StringHelper;
import br.gov.serpro.view.util.MessageHelper;
import static org.easymock.EasyMock.*;
import org.junit.*;
import java.util.*;
import static org.junit.Assert.*;
import br.gov.esaf.sgc.view.JsfTestCase;

/**
 * Testes unitarios para a classe {@link DigitacaoNotaManualListarBean}.
 */
public class TestDigitacaoNotaManualListarBean extends JsfTestCase {

/**
 * Classe sendo testada {@link DigitacaoNotaManualListarBean}.
 */
private DigitacaoNotaManualListarBean digitacaoNotaManualListarBean;

/**
 * Cria o mock {@link DigitacaoNotaManualFacade} e seta na classe sendo testada.
 * @return o mock criado
 */
private DigitacaoNotaManualFacade criarMockDigitacaoNotaManualFacade() {
  DigitacaoNotaManualFacade mock = createStrictMock(DigitacaoNotaManualFacade.class);
  digitacaoNotaManualListarBean.setDigitacaoNotaManualFacade(mock);
  return mock;
}

/** {@inheritDoc} */
@Override
public void setUp() throws Exception {
  super.setUp();
  digitacaoNotaManualListarBean = new DigitacaoNotaManualListarBean();
}

/**
 * Teste para o metodo {@link DigitacaoNotaManualListarBean#pesquisar()}.
 * Descricao do Fluxo: 
 *     Entra: if (versaoSelecionada == VersaoResultadoProvaManual.PROVISORIA) {
 *     Entra: for (Inscricao inscricao : inscricoes) {.
 */
@Test
public void testPesquisarPath1() {
// variaveis usadas
final VersaoResultadoProvaManual versaoSelecionada = new VersaoResultadoProvaManual(1);
final TipoConsultaNome tipoConsultaNome = new TipoConsultaNome(1);
final Prova provaSelecionada = new Prova(1);
final OrgaoContratante orgaoSelecionado = new OrgaoContratante(1);
final String numeroInscricao = "1";
final String nomeCandidato = "1";
final List<Inscricao> inscricoes = Arrays.asList(new Inscricao(1));
final Cargo cargoSelecionado = new Cargo(1);
final CampoAtuacao campoAtuacaoSelecionado = new CampoAtuacao(1);

// Configurando mock
DigitacaoNotaManualFacade digitacaoNotaManualFacade = criarMockDigitacaoNotaManualFacade();
expect(digitacaoNotaManualFacade.consultarInscricoes(provaSelecionada,orgaoSelecionado,cargoSelecionado,campoAtuacaoSelecionado,numeroInscricao,nomeCandidato,tipoConsultaNome))
  .andReturn(inscricoes);
replay(digitacaoNotaManualFacade);

// Configurando estado interno da classe sob teste
digitacaoNotaManualListarBean.setVersaoSelecionada(versaoSelecionada);
digitacaoNotaManualListarBean.setTipoConsultaNome(tipoConsultaNome);
digitacaoNotaManualListarBean.setProvaSelecionada(provaSelecionada);
digitacaoNotaManualListarBean.setOrgaoSelecionado(orgaoSelecionado);
digitacaoNotaManualListarBean.setNumeroInscricao(numeroInscricao);
digitacaoNotaManualListarBean.setNomeCandidato(nomeCandidato);
digitacaoNotaManualListarBean.setInscricoes(inscricoes);
digitacaoNotaManualListarBean.setCargoSelecionado(cargoSelecionado);
digitacaoNotaManualListarBean.setCampoAtuacaoSelecionado(campoAtuacaoSelecionado);

// invocar metodo sendo testado
digitacaoNotaManualListarBean.pesquisar();

// checar estados dos mocks
verify(digitacaoNotaManualFacade);

// verificacoes do resultado do metodo sendo testado
assertEquals(expected, digitacaoNotaManualListarBean.getInscricoesExcluiveis());
assertEquals(expected, digitacaoNotaManualListarBean.getInscricoes());
}

/**
 * Teste para o metodo {@link DigitacaoNotaManualListarBean#pesquisar()}.
 * Descricao do Fluxo: 
 *     Entra: if (versaoSelecionada == VersaoResultadoProvaManual.PROVISORIA) {
 * NAO Entra: for (Inscricao inscricao : inscricoes) {.
 */
@Test
public void testPesquisarPath2() {
// variaveis usadas
final VersaoResultadoProvaManual versaoSelecionada = new VersaoResultadoProvaManual(1);
final TipoConsultaNome tipoConsultaNome = new TipoConsultaNome(1);
final Prova provaSelecionada = new Prova(1);
final OrgaoContratante orgaoSelecionado = new OrgaoContratante(1);
final String numeroInscricao = "1";
final String nomeCandidato = "1";
final List<Inscricao> inscricoes = Arrays.asList(new Inscricao(1));
final Cargo cargoSelecionado = new Cargo(1);
final CampoAtuacao campoAtuacaoSelecionado = new CampoAtuacao(1);

// Configurando mock
DigitacaoNotaManualFacade digitacaoNotaManualFacade = criarMockDigitacaoNotaManualFacade();
expect(digitacaoNotaManualFacade.consultarInscricoes(provaSelecionada,orgaoSelecionado,cargoSelecionado,campoAtuacaoSelecionado,numeroInscricao,nomeCandidato,tipoConsultaNome))
  .andReturn(inscricoes);
replay(digitacaoNotaManualFacade);

// Configurando estado interno da classe sob teste
digitacaoNotaManualListarBean.setVersaoSelecionada(versaoSelecionada);
digitacaoNotaManualListarBean.setTipoConsultaNome(tipoConsultaNome);
digitacaoNotaManualListarBean.setProvaSelecionada(provaSelecionada);
digitacaoNotaManualListarBean.setOrgaoSelecionado(orgaoSelecionado);
digitacaoNotaManualListarBean.setNumeroInscricao(numeroInscricao);
digitacaoNotaManualListarBean.setNomeCandidato(nomeCandidato);
digitacaoNotaManualListarBean.setInscricoes(inscricoes);
digitacaoNotaManualListarBean.setCargoSelecionado(cargoSelecionado);
digitacaoNotaManualListarBean.setCampoAtuacaoSelecionado(campoAtuacaoSelecionado);

// invocar metodo sendo testado
digitacaoNotaManualListarBean.pesquisar();

// checar estados dos mocks
verify(digitacaoNotaManualFacade);

// verificacoes do resultado do metodo sendo testado
assertEquals(expected, digitacaoNotaManualListarBean.getInscricoesExcluiveis());
assertEquals(expected, digitacaoNotaManualListarBean.getInscricoes());
}

/**
 * Teste para o metodo {@link DigitacaoNotaManualListarBean#pesquisar()}.
 * Descricao do Fluxo: 
 * NAO Entra: if (versaoSelecionada == VersaoResultadoProvaManual.PROVISORIA) {
 *     Entra: for (Inscricao inscricao : inscricoes) {.
 */
@Test
public void testPesquisarPath3() {
// variaveis usadas
final VersaoResultadoProvaManual versaoSelecionada = new VersaoResultadoProvaManual(1);
final TipoConsultaNome tipoConsultaNome = new TipoConsultaNome(1);
final Prova provaSelecionada = new Prova(1);
final OrgaoContratante orgaoSelecionado = new OrgaoContratante(1);
final String numeroInscricao = "1";
final String nomeCandidato = "1";
final List<Inscricao> inscricoes = Arrays.asList(new Inscricao(1));
final Cargo cargoSelecionado = new Cargo(1);
final CampoAtuacao campoAtuacaoSelecionado = new CampoAtuacao(1);

// Configurando mock
DigitacaoNotaManualFacade digitacaoNotaManualFacade = criarMockDigitacaoNotaManualFacade();
expect(digitacaoNotaManualFacade.consultarInscricoesNotaDefinitiva(provaSelecionada,numeroInscricao,nomeCandidato,tipoConsultaNome))
  .andReturn(inscricoes);
replay(digitacaoNotaManualFacade);

// Configurando estado interno da classe sob teste
digitacaoNotaManualListarBean.setVersaoSelecionada(versaoSelecionada);
digitacaoNotaManualListarBean.setTipoConsultaNome(tipoConsultaNome);
digitacaoNotaManualListarBean.setProvaSelecionada(provaSelecionada);
digitacaoNotaManualListarBean.setOrgaoSelecionado(orgaoSelecionado);
digitacaoNotaManualListarBean.setNumeroInscricao(numeroInscricao);
digitacaoNotaManualListarBean.setNomeCandidato(nomeCandidato);
digitacaoNotaManualListarBean.setInscricoes(inscricoes);
digitacaoNotaManualListarBean.setCargoSelecionado(cargoSelecionado);
digitacaoNotaManualListarBean.setCampoAtuacaoSelecionado(campoAtuacaoSelecionado);

// invocar metodo sendo testado
digitacaoNotaManualListarBean.pesquisar();

// checar estados dos mocks
verify(digitacaoNotaManualFacade);

// verificacoes do resultado do metodo sendo testado
assertEquals(expected, digitacaoNotaManualListarBean.getInscricoesExcluiveis());
assertEquals(expected, digitacaoNotaManualListarBean.getInscricoes());
}

/**
 * Teste para o metodo {@link DigitacaoNotaManualListarBean#pesquisar()}.
 * Descricao do Fluxo: 
 * NAO Entra: if (versaoSelecionada == VersaoResultadoProvaManual.PROVISORIA) {
 * NAO Entra: for (Inscricao inscricao : inscricoes) {.
 */
@Test
public void testPesquisarPath4() {
// variaveis usadas
final VersaoResultadoProvaManual versaoSelecionada = new VersaoResultadoProvaManual(1);
final TipoConsultaNome tipoConsultaNome = new TipoConsultaNome(1);
final Prova provaSelecionada = new Prova(1);
final OrgaoContratante orgaoSelecionado = new OrgaoContratante(1);
final String numeroInscricao = "1";
final String nomeCandidato = "1";
final List<Inscricao> inscricoes = Arrays.asList(new Inscricao(1));
final Cargo cargoSelecionado = new Cargo(1);
final CampoAtuacao campoAtuacaoSelecionado = new CampoAtuacao(1);

// Configurando mock
DigitacaoNotaManualFacade digitacaoNotaManualFacade = criarMockDigitacaoNotaManualFacade();
expect(digitacaoNotaManualFacade.consultarInscricoesNotaDefinitiva(provaSelecionada,numeroInscricao,nomeCandidato,tipoConsultaNome))
  .andReturn(inscricoes);
replay(digitacaoNotaManualFacade);

// Configurando estado interno da classe sob teste
digitacaoNotaManualListarBean.setVersaoSelecionada(versaoSelecionada);
digitacaoNotaManualListarBean.setTipoConsultaNome(tipoConsultaNome);
digitacaoNotaManualListarBean.setProvaSelecionada(provaSelecionada);
digitacaoNotaManualListarBean.setOrgaoSelecionado(orgaoSelecionado);
digitacaoNotaManualListarBean.setNumeroInscricao(numeroInscricao);
digitacaoNotaManualListarBean.setNomeCandidato(nomeCandidato);
digitacaoNotaManualListarBean.setInscricoes(inscricoes);
digitacaoNotaManualListarBean.setCargoSelecionado(cargoSelecionado);
digitacaoNotaManualListarBean.setCampoAtuacaoSelecionado(campoAtuacaoSelecionado);

// invocar metodo sendo testado
digitacaoNotaManualListarBean.pesquisar();

// checar estados dos mocks
verify(digitacaoNotaManualFacade);

// verificacoes do resultado do metodo sendo testado
assertEquals(expected, digitacaoNotaManualListarBean.getInscricoesExcluiveis());
assertEquals(expected, digitacaoNotaManualListarBean.getInscricoes());
}

/**
 * Teste para o metodo {@link DigitacaoNotaManualListarBean#excluivel(Inscricao)}.
 */
@Test
public void testExcluivel() {
// variaveis usadas
final Prova provaSelecionada = new Prova(1);
final Cidade cidadeSelecionada = new Cidade(1);
final boolean existeNotaProvisoriaStatusCadastradaFromMock = false;
final boolean existeNotaProvisoriaStatusCadastradaEsperado = false;
final Inscricao inscricao = new Inscricao(1);

// Configurando mock
DigitacaoNotaManualFacade digitacaoNotaManualFacade = criarMockDigitacaoNotaManualFacade();
expect(digitacaoNotaManualFacade.existeNotaProvisoriaStatusCadastrada(inscricao,provaSelecionada,cidadeSelecionada))
  .andReturn(existeNotaProvisoriaStatusCadastradaFromMock);
replay(digitacaoNotaManualFacade);

// Configurando estado interno da classe sob teste
digitacaoNotaManualListarBean.setProvaSelecionada(provaSelecionada);
digitacaoNotaManualListarBean.setCidadeSelecionada(cidadeSelecionada);

// invocar metodo sendo testado
final boolean excluivelReal = digitacaoNotaManualListarBean.excluivel(inscricao);

// checar estados dos mocks
verify(digitacaoNotaManualFacade);

// verificacoes do resultado do metodo sendo testado
assertEquals(existeNotaProvisoriaStatusCadastradaEsperado, excluivelReal);
}

/**
 * Teste para o metodo {@link DigitacaoNotaManualListarBean#excluirResultado(Inscricao)}.
 */
@Test
public void testExcluirResultado() {
// variaveis usadas
final Prova provaSelecionada = new Prova(1);
final Cidade cidadeSelecionada = new Cidade(1);
final Inscricao inscricao = new Inscricao(1);

// Configurando mock
DigitacaoNotaManualFacade digitacaoNotaManualFacade = criarMockDigitacaoNotaManualFacade();
digitacaoNotaManualFacade.excluirResultado(inscricao,provaSelecionada,cidadeSelecionada);
replay(digitacaoNotaManualFacade);

// Configurando estado interno da classe sob teste
digitacaoNotaManualListarBean.setProvaSelecionada(provaSelecionada);
digitacaoNotaManualListarBean.setCidadeSelecionada(cidadeSelecionada);

// invocar metodo sendo testado
digitacaoNotaManualListarBean.excluirResultado(inscricao);

// checar estados dos mocks
verify(digitacaoNotaManualFacade);
}
}
